module main

fn main() {
	println('test') //这是中文注释
}
